// Jest Snapshot v1, https://goo.gl/fbAQLP

exports[`DueDateEditForm renders without crashing 1`] = `
<DocumentFragment>
  <div
    class="DueDateForm"
  >
    <div
      class="container col-md-6 offset-md-3 col-lg-4 offset-lg-4"
    >
      <div
        class="card"
      >
        <div
          class="card-body"
        >
          <form
            method="post"
          >
            <div
              class="d-grid gap-3"
            >
              <div
                class="form-group"
              >
                <h1>
                  Tell us about baby!
                </h1>
                <div
                  class="form-group"
                >
                  <label
                    for="babyName"
                  >
                    Do you have a name picked out yet?
                    <i>
                       (Dont worry, you can edit this later.)
                    </i>
                  </label>
                  <input
                    class="form-control mb-3"
                    name="babyName"
                    type="text"
                  />
                </div>
                <div
                  class="form-group"
                >
                  <label
                    for="monthId"
                  >
                    Month
                  </label>
                  <select
                    class="form-control"
                    name="monthId"
                  >
                    <option
                      hidden=""
                    >
                      Month
                    </option>
                  </select>
                </div>
                <div
                  class="form-group"
                >
                  <label
                    for="dayId"
                  >
                    Day
                  </label>
                  <select
                    class="form-control"
                    name="dayId"
                  >
                    <option
                      hidden=""
                    >
                      Day
                    </option>
                  </select>
                </div>
                <div
                  class="form-group"
                >
                  <label
                    for="yearId"
                  >
                    Year
                  </label>
                  <select
                    class="form-control"
                    name="yearId"
                  >
                    <option
                      hidden=""
                    >
                      Year
                    </option>
                  </select>
                </div>
              </div>
            </div>
            <button
              class="btn btn-sm btn-primary"
            >
              Next
            </button>
          </form>
        </div>
      </div>
    </div>
  </div>
</DocumentFragment>
`;
