// Jest Snapshot v1, https://goo.gl/fbAQLP

exports[`renders without crashingt 1`] = `<DocumentFragment />`;
