// Jest Snapshot v1, https://goo.gl/fbAQLP

exports[`SignUpForm renders without crashing 1`] = `
<DocumentFragment>
  <div
    class="SignUpForm m-5"
  >
    <div
      class="container col-md-6 offset-md-3 col-lg-4 offset-lg-4"
    >
      <h1
        class="mb-3"
      >
        Sign Up
      </h1>
      <div
        class="card"
      >
        <div
          class="card-body"
        >
          <form
            method="post"
          >
            <div
              class="d-grid gap-3"
            >
              <div
                class="form-group"
              >
                <input
                  class="form-control"
                  name="username"
                  placeholder="Username"
                  type="text"
                  value=""
                />
              </div>
              <div
                class="form-group"
              >
                <input
                  class="form-control"
                  name="password"
                  placeholder="Password"
                  type="password"
                  value=""
                />
              </div>
              <div
                class="form-group"
              >
                <input
                  class="form-control"
                  name="firstName"
                  placeholder="First Name"
                  type="text"
                  value=""
                />
              </div>
              <div
                class="form-group"
              >
                <input
                  class="form-control"
                  name="lastName"
                  placeholder="Last Name"
                  type="text"
                  value=""
                />
              </div>
              <div
                class="form-group"
              >
                <input
                  class="form-control mb-3"
                  name="email"
                  placeholder="Email"
                  type="email"
                  value=""
                />
              </div>
            </div>
            <button
              class="btn btn-sm btn-primary"
            >
              Sign Up
            </button>
          </form>
        </div>
      </div>
    </div>
  </div>
</DocumentFragment>
`;
