// Jest Snapshot v1, https://goo.gl/fbAQLP

exports[`PrivateRoute renders without crashing 1`] = `<DocumentFragment />`;
